mysql> SHOW TABLES;
+---------------+
| Tables_in_cms |
+---------------+
| cms_admin     |
| cms_cate      |
| cms_news      |
| cms_user      |
| department    |
| employee      |
| provinces     |
| scholarship   |
| student       |
| test1         |
| test2         |
| test3         |
+---------------+
12 rows in set (0.02 sec)

mysql> CREATE TABLE test4(
    -> id TINYINT UNSIGNED,
    -> username VARCHAR(20),
    -> INDEX in_id(id),
    -> KEY in_username(username)
    -> );
Query OK, 0 rows affected (0.42 sec)

mysql> SHOW CREATE TABLE test4;
+-------+----------------------------------------------------------------------------------------------------------------------------------------------------------------------------------------------------+
| Table | Create Table                                                                                                                                                                                       |
+-------+----------------------------------------------------------------------------------------------------------------------------------------------------------------------------------------------------+
| test4 | CREATE TABLE `test4` (
  `id` tinyint(3) unsigned DEFAULT NULL,
  `username` varchar(20) DEFAULT NULL,
  KEY `in_id` (`id`),
  KEY `in_username` (`username`)
) ENGINE=InnoDB DEFAULT CHARSET=utf8 |
+-------+----------------------------------------------------------------------------------------------------------------------------------------------------------------------------------------------------+
1 row in set (0.03 sec)

mysql> CREATE TABLE test5(
    -> id TINYINT UNSIGNED AUTO_INCREMENT KEY,
    -> username VARCHAR(20) NOT NULL UNIQUE,
    -> card CHAR(18) NOT NULL,
    -> UNIQUE KEY uni_card(card)
    -> );
Query OK, 0 rows affected (0.47 sec)

mysql> SHOW CREATE TABLE test5;
+-------+-----------------------------------------------------------------------------------------------------------------------------------------------------------------------------------------------------------------------------------------------------------------------------+
| Table | Create Table                                                                                                                                                                                                                                                                |
+-------+-----------------------------------------------------------------------------------------------------------------------------------------------------------------------------------------------------------------------------------------------------------------------------+
| test5 | CREATE TABLE `test5` (
  `id` tinyint(3) unsigned NOT NULL AUTO_INCREMENT,
  `username` varchar(20) NOT NULL,
  `card` char(18) NOT NULL,
  PRIMARY KEY (`id`),
  UNIQUE KEY `username` (`username`),
  UNIQUE KEY `uni_card` (`card`)
) ENGINE=InnoDB DEFAULT CHARSET=utf8 |
+-------+-----------------------------------------------------------------------------------------------------------------------------------------------------------------------------------------------------------------------------------------------------------------------------+
1 row in set (0.00 sec)

mysql> CREATE TABLE test6(
    -> id TINYINT UNSIGNED AUTO_INCREMENT KEY,
    -> username VARCHAR(20) NOT NULL UNIQUE,
    -> userDesc VARCHAR(20) NOT NULL,
    -> FULLTEXT INDEX full_userDesc(userDesc)
    -> );
Query OK, 0 rows affected (2.09 sec)

mysql> SHOW CREATE TABLE test6;
+-------+-----------------------------------------------------------------------------------------------------------------------------------------------------------------------------------------------------------------------------------------------------------------------------------------------+
| Table | Create Table                                                                                                                                                                                                                                                                                  |
+-------+-----------------------------------------------------------------------------------------------------------------------------------------------------------------------------------------------------------------------------------------------------------------------------------------------+
| test6 | CREATE TABLE `test6` (
  `id` tinyint(3) unsigned NOT NULL AUTO_INCREMENT,
  `username` varchar(20) NOT NULL,
  `userDesc` varchar(20) NOT NULL,
  PRIMARY KEY (`id`),
  UNIQUE KEY `username` (`username`),
  FULLTEXT KEY `full_userDesc` (`userDesc`)
) ENGINE=InnoDB DEFAULT CHARSET=utf8 |
+-------+-----------------------------------------------------------------------------------------------------------------------------------------------------------------------------------------------------------------------------------------------------------------------------------------------+
1 row in set (0.00 sec)

mysql> CREATE TABLE test7(
    -> id TINYINT UNSIGNED AUTO_INCREMENT KEY,
    -> test1 VARCHAR(20) NOT NULL,
    -> test2 VARCHAR(20) NOT NULL,
    -> test3 VARCHAR(20) NOT NULL,
    -> test4 VARCHAR(20) NOT NULL,
    -> INDEX in_test1(test1)
    -> );
Query OK, 0 rows affected (0.38 sec)

mysql> SHOW CREATE TABLE test7;
+-------+--------------------------------------------------------------------------------------------------------------------------------------------------------------------------------------------------------------------------------------------------------------------------------------------------+
| Table | Create Table                                                                                                                                                                                                                                                                                     |
+-------+--------------------------------------------------------------------------------------------------------------------------------------------------------------------------------------------------------------------------------------------------------------------------------------------------+
| test7 | CREATE TABLE `test7` (
  `id` tinyint(3) unsigned NOT NULL AUTO_INCREMENT,
  `test1` varchar(20) NOT NULL,
  `test2` varchar(20) NOT NULL,
  `test3` varchar(20) NOT NULL,
  `test4` varchar(20) NOT NULL,
  PRIMARY KEY (`id`),
  KEY `in_test1` (`test1`)
) ENGINE=InnoDB DEFAULT CHARSET=utf8 |
+-------+--------------------------------------------------------------------------------------------------------------------------------------------------------------------------------------------------------------------------------------------------------------------------------------------------+
1 row in set (0.02 sec)

mysql> CREATE TABLE test8(
    -> id TINYINT UNSIGNED AUTO_INCREMENT KEY,
    -> test1 VARCHAR(20) NOT NULL,
    -> test2 VARCHAR(20) NOT NULL,
    -> test3 VARCHAR(20) NOT NULL,
    -> test4 VARCHAR(20) NOT NULL,
    -> INDEX mul_t1_t2_t3(test1,test2,test3)
    -> );
Query OK, 0 rows affected (0.27 sec)

mysql> SHOW CREATE TABLE test8;
+-------+----------------------------------------------------------------------------------------------------------------------------------------------------------------------------------------------------------------------------------------------------------------------------------------------------------------------+
| Table | Create Table                                                                                                                                                                                                                                                                                                         |
+-------+----------------------------------------------------------------------------------------------------------------------------------------------------------------------------------------------------------------------------------------------------------------------------------------------------------------------+
| test8 | CREATE TABLE `test8` (
  `id` tinyint(3) unsigned NOT NULL AUTO_INCREMENT,
  `test1` varchar(20) NOT NULL,
  `test2` varchar(20) NOT NULL,
  `test3` varchar(20) NOT NULL,
  `test4` varchar(20) NOT NULL,
  PRIMARY KEY (`id`),
  KEY `mul_t1_t2_t3` (`test1`,`test2`,`test3`)
) ENGINE=InnoDB DEFAULT CHARSET=utf8 |
+-------+----------------------------------------------------------------------------------------------------------------------------------------------------------------------------------------------------------------------------------------------------------------------------------------------------------------------+
1 row in set (0.00 sec)

mysql> DESC test8;
+-------+---------------------+------+-----+---------+----------------+
| Field | Type                | Null | Key | Default | Extra          |
+-------+---------------------+------+-----+---------+----------------+
| id    | tinyint(3) unsigned | NO   | PRI | NULL    | auto_increment |
| test1 | varchar(20)         | NO   | MUL | NULL    |                |
| test2 | varchar(20)         | NO   |     | NULL    |                |
| test3 | varchar(20)         | NO   |     | NULL    |                |
| test4 | varchar(20)         | NO   |     | NULL    |                |
+-------+---------------------+------+-----+---------+----------------+
5 rows in set (0.08 sec)

mysql> CREATE TABLE test9(
    -> id TINYINT UNSIGNED AUTO_INCREMENT KEY,
    -> test1 VARCHAR(20) NOT NULL,
    -> test2 VARCHAR(20) NOT NULL,
    -> test3 VARCHAR(20) NOT NULL,
    -> test4 VARCHAR(20) NOT NULL,
    -> UNIQUE KEY mul_t1_t2_t3(test1,test2,test3)
    -> );
Query OK, 0 rows affected (0.33 sec)

mysql> SHOW CREATE TABLE test9;
+-------+-----------------------------------------------------------------------------------------------------------------------------------------------------------------------------------------------------------------------------------------------------------------------------------------------------------------------------+
| Table | Create Table                                                                                                                                                                                                                                                                                                                |
+-------+-----------------------------------------------------------------------------------------------------------------------------------------------------------------------------------------------------------------------------------------------------------------------------------------------------------------------------+
| test9 | CREATE TABLE `test9` (
  `id` tinyint(3) unsigned NOT NULL AUTO_INCREMENT,
  `test1` varchar(20) NOT NULL,
  `test2` varchar(20) NOT NULL,
  `test3` varchar(20) NOT NULL,
  `test4` varchar(20) NOT NULL,
  PRIMARY KEY (`id`),
  UNIQUE KEY `mul_t1_t2_t3` (`test1`,`test2`,`test3`)
) ENGINE=InnoDB DEFAULT CHARSET=utf8 |
+-------+-----------------------------------------------------------------------------------------------------------------------------------------------------------------------------------------------------------------------------------------------------------------------------------------------------------------------------+
1 row in set (0.00 sec)

mysql> CREATE TABLE test10(
    -> id TINYINT UNSIGNED AUTO_INCREMENT KEY,
    -> test GEOMETRY NOT NULL,
    -> SPATIAL INDEX spa_test(test)
    -> )ENGINE=MyISAM;
Query OK, 0 rows affected (0.06 sec)

mysql> SHOW CREATE TABLE test10;
+--------+------------------------------------------------------------------------------------------------------------------------------------------------------------------------------------------------------+
| Table  | Create Table                                                                                                                                                                                         |
+--------+------------------------------------------------------------------------------------------------------------------------------------------------------------------------------------------------------+
| test10 | CREATE TABLE `test10` (
  `id` tinyint(3) unsigned NOT NULL AUTO_INCREMENT,
  `test` geometry NOT NULL,
  PRIMARY KEY (`id`),
  SPATIAL KEY `spa_test` (`test`)
) ENGINE=MyISAM DEFAULT CHARSET=utf8 |
+--------+------------------------------------------------------------------------------------------------------------------------------------------------------------------------------------------------------+
1 row in set (0.09 sec)

mysql> DESC test10;
+-------+---------------------+------+-----+---------+----------------+
| Field | Type                | Null | Key | Default | Extra          |
+-------+---------------------+------+-----+---------+----------------+
| id    | tinyint(3) unsigned | NO   | PRI | NULL    | auto_increment |
| test  | geometry            | NO   | MUL | NULL    |                |
+-------+---------------------+------+-----+---------+----------------+
2 rows in set (0.01 sec)

mysql> DROP INDEX in_id ON test4;
Query OK, 0 rows affected (0.34 sec)
Records: 0  Duplicates: 0  Warnings: 0

mysql> SHOW CREATE TABLE test4;
+-------+------------------------------------------------------------------------------------------------------------------------------------------------------------------------------+
| Table | Create Table                                                                                                                                                                 |
+-------+------------------------------------------------------------------------------------------------------------------------------------------------------------------------------+
| test4 | CREATE TABLE `test4` (
  `id` tinyint(3) unsigned DEFAULT NULL,
  `username` varchar(20) DEFAULT NULL,
  KEY `in_username` (`username`)
) ENGINE=InnoDB DEFAULT CHARSET=utf8 |
+-------+------------------------------------------------------------------------------------------------------------------------------------------------------------------------------+
1 row in set (0.00 sec)

mysql> DROP INDEX in_username ON test4;
Query OK, 0 rows affected (0.13 sec)
Records: 0  Duplicates: 0  Warnings: 0

mysql> SHOW CREATE TABLE test4;
+-------+--------------------------------------------------------------------------------------------------------------------------------------------+
| Table | Create Table                                                                                                                               |
+-------+--------------------------------------------------------------------------------------------------------------------------------------------+
| test4 | CREATE TABLE `test4` (
  `id` tinyint(3) unsigned DEFAULT NULL,
  `username` varchar(20) DEFAULT NULL
) ENGINE=InnoDB DEFAULT CHARSET=utf8 |
+-------+--------------------------------------------------------------------------------------------------------------------------------------------+
1 row in set (0.00 sec)

mysql> DESC test4;
+----------+---------------------+------+-----+---------+-------+
| Field    | Type                | Null | Key | Default | Extra |
+----------+---------------------+------+-----+---------+-------+
| id       | tinyint(3) unsigned | YES  |     | NULL    |       |
| username | varchar(20)         | YES  |     | NULL    |       |
+----------+---------------------+------+-----+---------+-------+
2 rows in set (0.03 sec)

mysql> CREATE INDEX in_id ON test4(id);
Query OK, 0 rows affected (0.28 sec)
Records: 0  Duplicates: 0  Warnings: 0

mysql> SHOW CREATE TABLE test4;
+-------+------------------------------------------------------------------------------------------------------------------------------------------------------------------+
| Table | Create Table                                                                                                                                                     |
+-------+------------------------------------------------------------------------------------------------------------------------------------------------------------------+
| test4 | CREATE TABLE `test4` (
  `id` tinyint(3) unsigned DEFAULT NULL,
  `username` varchar(20) DEFAULT NULL,
  KEY `in_id` (`id`)
) ENGINE=InnoDB DEFAULT CHARSET=utf8 |
+-------+------------------------------------------------------------------------------------------------------------------------------------------------------------------+
1 row in set (0.00 sec)

mysql> ALTER TABLE test4 ADD INDEX in_username(username);
Query OK, 0 rows affected (0.22 sec)
Records: 0  Duplicates: 0  Warnings: 0

mysql> SHOW CREATE TABLE test4;
+-------+----------------------------------------------------------------------------------------------------------------------------------------------------------------------------------------------------+
| Table | Create Table                                                                                                                                                                                       |
+-------+----------------------------------------------------------------------------------------------------------------------------------------------------------------------------------------------------+
| test4 | CREATE TABLE `test4` (
  `id` tinyint(3) unsigned DEFAULT NULL,
  `username` varchar(20) DEFAULT NULL,
  KEY `in_id` (`id`),
  KEY `in_username` (`username`)
) ENGINE=InnoDB DEFAULT CHARSET=utf8 |
+-------+----------------------------------------------------------------------------------------------------------------------------------------------------------------------------------------------------+
1 row in set (0.00 sec)

mysql> ALTER TABLE test4 DROP INDEX uni_card;
ERROR 1091 (42000): Can't DROP 'uni_card'; check that column/key exists
mysql> ALTER TABLE test5 DROP INDEX uni_card;
Query OK, 0 rows affected (0.20 sec)
Records: 0  Duplicates: 0  Warnings: 0

mysql> DESC test5;
+----------+---------------------+------+-----+---------+----------------+
| Field    | Type                | Null | Key | Default | Extra          |
+----------+---------------------+------+-----+---------+----------------+
| id       | tinyint(3) unsigned | NO   | PRI | NULL    | auto_increment |
| username | varchar(20)         | NO   | UNI | NULL    |                |
| card     | char(18)            | NO   |     | NULL    |                |
+----------+---------------------+------+-----+---------+----------------+
3 rows in set (0.00 sec)

mysql> DROP INDEX username ON test5;
Query OK, 0 rows affected (0.15 sec)
Records: 0  Duplicates: 0  Warnings: 0

mysql> DESC test5;
+----------+---------------------+------+-----+---------+----------------+
| Field    | Type                | Null | Key | Default | Extra          |
+----------+---------------------+------+-----+---------+----------------+
| id       | tinyint(3) unsigned | NO   | PRI | NULL    | auto_increment |
| username | varchar(20)         | NO   |     | NULL    |                |
| card     | char(18)            | NO   |     | NULL    |                |
+----------+---------------------+------+-----+---------+----------------+
3 rows in set (0.00 sec)

mysql> CREATE UNIQUE INDEX uni_username ON test5(username);
Query OK, 0 rows affected (0.33 sec)
Records: 0  Duplicates: 0  Warnings: 0

mysql> DESC test5;
+----------+---------------------+------+-----+---------+----------------+
| Field    | Type                | Null | Key | Default | Extra          |
+----------+---------------------+------+-----+---------+----------------+
| id       | tinyint(3) unsigned | NO   | PRI | NULL    | auto_increment |
| username | varchar(20)         | NO   | UNI | NULL    |                |
| card     | char(18)            | NO   |     | NULL    |                |
+----------+---------------------+------+-----+---------+----------------+
3 rows in set (0.02 sec)

mysql> show create table test5;
+-------+-----------------------------------------------------------------------------------------------------------------------------------------------------------------------------------------------------------------------------------------------+
| Table | Create Table                                                                                                                                                                                                                                  |
+-------+-----------------------------------------------------------------------------------------------------------------------------------------------------------------------------------------------------------------------------------------------+
| test5 | CREATE TABLE `test5` (
  `id` tinyint(3) unsigned NOT NULL AUTO_INCREMENT,
  `username` varchar(20) NOT NULL,
  `card` char(18) NOT NULL,
  PRIMARY KEY (`id`),
  UNIQUE KEY `uni_username` (`username`)
) ENGINE=InnoDB DEFAULT CHARSET=utf8 |
+-------+-----------------------------------------------------------------------------------------------------------------------------------------------------------------------------------------------------------------------------------------------+
1 row in set (0.00 sec)

mysql> ALTER TABLE test5 ADD UNIQUE INDEX uni_card(card);
Query OK, 0 rows affected (0.20 sec)
Records: 0  Duplicates: 0  Warnings: 0

mysql> SHOW CREATE TABLE test5;
+-------+---------------------------------------------------------------------------------------------------------------------------------------------------------------------------------------------------------------------------------------------------------------------------------+
| Table | Create Table                                                                                                                                                                                                                                                                    |
+-------+---------------------------------------------------------------------------------------------------------------------------------------------------------------------------------------------------------------------------------------------------------------------------------+
| test5 | CREATE TABLE `test5` (
  `id` tinyint(3) unsigned NOT NULL AUTO_INCREMENT,
  `username` varchar(20) NOT NULL,
  `card` char(18) NOT NULL,
  PRIMARY KEY (`id`),
  UNIQUE KEY `uni_username` (`username`),
  UNIQUE KEY `uni_card` (`card`)
) ENGINE=InnoDB DEFAULT CHARSET=utf8 |
+-------+---------------------------------------------------------------------------------------------------------------------------------------------------------------------------------------------------------------------------------------------------------------------------------+
1 row in set (0.00 sec)

mysql> DROP INDEX full_userDesc ON test6;
Query OK, 0 rows affected (0.14 sec)
Records: 0  Duplicates: 0  Warnings: 0

mysql> SHOW CREATE TABLE test6;
+-------+--------------------------------------------------------------------------------------------------------------------------------------------------------------------------------------------------------------------------------------------------+
| Table | Create Table                                                                                                                                                                                                                                     |
+-------+--------------------------------------------------------------------------------------------------------------------------------------------------------------------------------------------------------------------------------------------------+
| test6 | CREATE TABLE `test6` (
  `id` tinyint(3) unsigned NOT NULL AUTO_INCREMENT,
  `username` varchar(20) NOT NULL,
  `userDesc` varchar(20) NOT NULL,
  PRIMARY KEY (`id`),
  UNIQUE KEY `username` (`username`)
) ENGINE=InnoDB DEFAULT CHARSET=utf8 |
+-------+--------------------------------------------------------------------------------------------------------------------------------------------------------------------------------------------------------------------------------------------------+
1 row in set (0.01 sec)

mysql> CREATE FULLTEXT INDEX full_userDesc ON test6(userDesc);
Query OK, 0 rows affected (1.97 sec)
Records: 0  Duplicates: 0  Warnings: 0

mysql> SHOW CREATE TABLE test6;
+-------+-----------------------------------------------------------------------------------------------------------------------------------------------------------------------------------------------------------------------------------------------------------------------------------------------+
| Table | Create Table                                                                                                                                                                                                                                                                                  |
+-------+-----------------------------------------------------------------------------------------------------------------------------------------------------------------------------------------------------------------------------------------------------------------------------------------------+
| test6 | CREATE TABLE `test6` (
  `id` tinyint(3) unsigned NOT NULL AUTO_INCREMENT,
  `username` varchar(20) NOT NULL,
  `userDesc` varchar(20) NOT NULL,
  PRIMARY KEY (`id`),
  UNIQUE KEY `username` (`username`),
  FULLTEXT KEY `full_userDesc` (`userDesc`)
) ENGINE=InnoDB DEFAULT CHARSET=utf8 |
+-------+-----------------------------------------------------------------------------------------------------------------------------------------------------------------------------------------------------------------------------------------------------------------------------------------------+
1 row in set (0.00 sec)

mysql> ALTER TABLE test8 DROP INDEX mul_t1_t2_t3;
Query OK, 0 rows affected (0.13 sec)
Records: 0  Duplicates: 0  Warnings: 0

mysql> DESC test8;
+-------+---------------------+------+-----+---------+----------------+
| Field | Type                | Null | Key | Default | Extra          |
+-------+---------------------+------+-----+---------+----------------+
| id    | tinyint(3) unsigned | NO   | PRI | NULL    | auto_increment |
| test1 | varchar(20)         | NO   |     | NULL    |                |
| test2 | varchar(20)         | NO   |     | NULL    |                |
| test3 | varchar(20)         | NO   |     | NULL    |                |
| test4 | varchar(20)         | NO   |     | NULL    |                |
+-------+---------------------+------+-----+---------+----------------+
5 rows in set (0.00 sec)

mysql> SHOW CREATE TABLE test8;
+-------+----------------------------------------------------------------------------------------------------------------------------------------------------------------------------------------------------------------------------------------------------------------------+
| Table | Create Table                                                                                                                                                                                                                                                         |
+-------+----------------------------------------------------------------------------------------------------------------------------------------------------------------------------------------------------------------------------------------------------------------------+
| test8 | CREATE TABLE `test8` (
  `id` tinyint(3) unsigned NOT NULL AUTO_INCREMENT,
  `test1` varchar(20) NOT NULL,
  `test2` varchar(20) NOT NULL,
  `test3` varchar(20) NOT NULL,
  `test4` varchar(20) NOT NULL,
  PRIMARY KEY (`id`)
) ENGINE=InnoDB DEFAULT CHARSET=utf8 |
+-------+----------------------------------------------------------------------------------------------------------------------------------------------------------------------------------------------------------------------------------------------------------------------+
1 row in set (0.00 sec)

mysql> ALTER TABLE test8 ADD INDEX mul_ti_t2_t3(test1,test2,test);
ERROR 1072 (42000): Key column 'test' doesn't exist in table
mysql> ALTER TABLE test8 ADD INDEX mul_ti_t2_t3(test1,test2,test3);
Query OK, 0 rows affected (0.20 sec)
Records: 0  Duplicates: 0  Warnings: 0

mysql> DESC test8;
+-------+---------------------+------+-----+---------+----------------+
| Field | Type                | Null | Key | Default | Extra          |
+-------+---------------------+------+-----+---------+----------------+
| id    | tinyint(3) unsigned | NO   | PRI | NULL    | auto_increment |
| test1 | varchar(20)         | NO   | MUL | NULL    |                |
| test2 | varchar(20)         | NO   |     | NULL    |                |
| test3 | varchar(20)         | NO   |     | NULL    |                |
| test4 | varchar(20)         | NO   |     | NULL    |                |
+-------+---------------------+------+-----+---------+----------------+
5 rows in set (0.00 sec)

mysql> SHOW CREATE TABLE test8;
+-------+----------------------------------------------------------------------------------------------------------------------------------------------------------------------------------------------------------------------------------------------------------------------------------------------------------------------+
| Table | Create Table                                                                                                                                                                                                                                                                                                         |
+-------+----------------------------------------------------------------------------------------------------------------------------------------------------------------------------------------------------------------------------------------------------------------------------------------------------------------------+
| test8 | CREATE TABLE `test8` (
  `id` tinyint(3) unsigned NOT NULL AUTO_INCREMENT,
  `test1` varchar(20) NOT NULL,
  `test2` varchar(20) NOT NULL,
  `test3` varchar(20) NOT NULL,
  `test4` varchar(20) NOT NULL,
  PRIMARY KEY (`id`),
  KEY `mul_ti_t2_t3` (`test1`,`test2`,`test3`)
) ENGINE=InnoDB DEFAULT CHARSET=utf8 |
+-------+----------------------------------------------------------------------------------------------------------------------------------------------------------------------------------------------------------------------------------------------------------------------------------------------------------------------+
1 row in set (0.00 sec)

mysql> DROP INDEX spa_test ON test10;
Query OK, 0 rows affected (0.10 sec)
Records: 0  Duplicates: 0  Warnings: 0

mysql> DESC test10;
+-------+---------------------+------+-----+---------+----------------+
| Field | Type                | Null | Key | Default | Extra          |
+-------+---------------------+------+-----+---------+----------------+
| id    | tinyint(3) unsigned | NO   | PRI | NULL    | auto_increment |
| test  | geometry            | NO   |     | NULL    |                |
+-------+---------------------+------+-----+---------+----------------+
2 rows in set (0.03 sec)

mysql> SHOW CREATE TABLE test10;
+--------+-------------------------------------------------------------------------------------------------------------------------------------------------------------------+
| Table  | Create Table                                                                                                                                                      |
+--------+-------------------------------------------------------------------------------------------------------------------------------------------------------------------+
| test10 | CREATE TABLE `test10` (
  `id` tinyint(3) unsigned NOT NULL AUTO_INCREMENT,
  `test` geometry NOT NULL,
  PRIMARY KEY (`id`)
) ENGINE=MyISAM DEFAULT CHARSET=utf8 |
+--------+-------------------------------------------------------------------------------------------------------------------------------------------------------------------+
1 row in set (0.00 sec)

mysql> CREATE SPATIAL INDEX spa_test ON test10(test);
Query OK, 0 rows affected (0.11 sec)
Records: 0  Duplicates: 0  Warnings: 0

mysql> SHOW CREATE TABLE test10;
+--------+------------------------------------------------------------------------------------------------------------------------------------------------------------------------------------------------------+
| Table  | Create Table                                                                                                                                                                                         |
+--------+------------------------------------------------------------------------------------------------------------------------------------------------------------------------------------------------------+
| test10 | CREATE TABLE `test10` (
  `id` tinyint(3) unsigned NOT NULL AUTO_INCREMENT,
  `test` geometry NOT NULL,
  PRIMARY KEY (`id`),
  SPATIAL KEY `spa_test` (`test`)
) ENGINE=MyISAM DEFAULT CHARSET=utf8 |
+--------+------------------------------------------------------------------------------------------------------------------------------------------------------------------------------------------------------+
1 row in set (0.00 sec)

mysql> SELECT * FROM employee;
+----+----------+-------+
| id | username | depId |
+----+----------+-------+
|  1 | king111  |     3 |
|  2 | queen    |     2 |
|  3 | 张三     |     3 |
|  4 | 李四     |     4 |
|  5 | 王五     |     1 |
|  6 | testtest |     8 |
+----+----------+-------+
6 rows in set (0.00 sec)

mysql> \t
